{
  "ok": false,
  "viewports": [
    {
      "viewport": "1920x1080",
      "overflow": false,
      "composerVisible": false
    },
    {
      "viewport": "1600x900",
      "overflow": false,
      "composerVisible": false
    },
    {
      "viewport": "1440x900",
      "overflow": false,
      "composerVisible": false
    },
    {
      "viewport": "1366x768",
      "overflow": false,
      "composerVisible": false
    },
    {
      "viewport": "1280x720",
      "overflow": false,
      "composerVisible": false
    }
  ],
  "rapidSwitch": {
    "bubbles": []
  },
  "searchResult": [],
  "canned": {
    "items": 0
  }
}
